2026-03-14 09:00:00 INFO  api  cache warmed
2026-03-14 09:01:20 INFO  api  request finished in 12ms
2026-03-14 09:02:40 INFO  api  request finished in 12ms
2026-03-14 09:04:00 INFO  api  request finished in 12ms
2026-03-14 09:05:20 WARN  api  retrying upstream after timeout
2026-03-14 09:06:40 INFO  api  request finished in 12ms
2026-03-14 09:08:00 INFO  api  config reloaded
2026-03-14 09:09:20 INFO  api  cache warmed
2026-03-14 09:10:40 INFO  api  config reloaded
2026-03-14 09:12:00 INFO  api  request finished in 12ms
2026-03-14 09:13:20 INFO  api  request finished in 12ms
2026-03-14 09:14:40 ERROR api  database deadlock, rolled back
2026-03-14 09:16:00 INFO  api  cache warmed
2026-03-14 09:17:20 INFO  api  cache warmed
2026-03-14 09:18:40 INFO  api  config reloaded
2026-03-14 09:20:00 INFO  api  request finished in 12ms
2026-03-14 09:21:20 ERROR api  token expired mid-request
2026-03-14 09:22:40 WARN  api  retrying upstream after timeout
2026-03-14 09:24:00 INFO  api  cache warmed
2026-03-14 09:25:20 INFO  api  request finished in 12ms
2026-03-14 09:26:40 WARN  api  retrying upstream after timeout
2026-03-14 09:28:00 ERROR api  upstream refused the connection
2026-03-14 09:29:20 ERROR api  could not write to disk: no space left
2026-03-14 09:30:40 INFO  api  config reloaded
2026-03-14 09:32:00 INFO  api  config reloaded
2026-03-14 09:33:20 ERROR api  database deadlock, rolled back
2026-03-14 09:34:40 INFO  api  worker checked in
2026-03-14 09:36:00 INFO  api  cache warmed
2026-03-14 09:37:20 INFO  api  request finished in 12ms
2026-03-14 09:38:40 ERROR api  token expired mid-request
2026-03-14 09:40:00 WARN  api  queue is 80% full
2026-03-14 09:41:20 INFO  api  config reloaded
2026-03-14 09:42:40 INFO  api  request finished in 12ms
2026-03-14 09:44:00 INFO  api  config reloaded
2026-03-14 09:45:20 INFO  api  worker checked in
2026-03-14 09:46:40 INFO  api  config reloaded
2026-03-14 09:48:00 INFO  api  request finished in 12ms
2026-03-14 09:49:20 INFO  api  worker checked in
2026-03-14 09:50:40 INFO  api  worker checked in
2026-03-14 09:52:00 ERROR api  database deadlock, rolled back
2026-03-14 09:53:20 ERROR api  database deadlock, rolled back
2026-03-14 09:54:40 INFO  api  request finished in 12ms
2026-03-14 09:56:00 INFO  api  config reloaded
2026-03-14 09:57:20 INFO  api  request finished in 12ms
2026-03-14 09:58:40 INFO  api  config reloaded
2026-03-14 10:00:00 INFO  api  config reloaded
2026-03-14 10:01:20 INFO  api  request finished in 12ms
2026-03-14 10:02:40 INFO  api  worker checked in
2026-03-14 10:04:00 INFO  api  request finished in 12ms
2026-03-14 10:05:20 INFO  api  request finished in 12ms
2026-03-14 10:06:40 INFO  api  worker checked in
2026-03-14 10:08:00 INFO  api  cache warmed
2026-03-14 10:09:20 INFO  api  config reloaded
2026-03-14 10:10:40 INFO  api  request finished in 12ms
2026-03-14 10:12:00 INFO  api  config reloaded
2026-03-14 10:13:20 INFO  api  worker checked in
2026-03-14 10:14:40 INFO  api  config reloaded
2026-03-14 10:16:00 WARN  api  queue is 80% full
2026-03-14 10:17:20 INFO  api  worker checked in
2026-03-14 10:18:40 INFO  api  cache warmed
2026-03-14 10:20:00 INFO  api  request finished in 12ms
2026-03-14 10:21:20 INFO  api  cache warmed
2026-03-14 10:22:40 INFO  api  cache warmed
2026-03-14 10:24:00 INFO  api  config reloaded
2026-03-14 10:25:20 ERROR api  could not write to disk: no space left
2026-03-14 10:26:40 INFO  api  worker checked in
2026-03-14 10:28:00 INFO  api  cache warmed
2026-03-14 10:29:20 INFO  api  worker checked in
2026-03-14 10:30:40 ERROR api  token expired mid-request
2026-03-14 10:32:00 INFO  api  request finished in 12ms
2026-03-14 10:33:20 INFO  api  config reloaded
2026-03-14 10:34:40 INFO  api  config reloaded
2026-03-14 10:36:00 INFO  api  request finished in 12ms
2026-03-14 10:37:20 INFO  api  config reloaded
2026-03-14 10:38:40 INFO  api  cache warmed
2026-03-14 10:40:00 INFO  api  cache warmed
2026-03-14 10:41:20 INFO  api  cache warmed
2026-03-14 10:42:40 INFO  api  worker checked in
2026-03-14 10:44:00 ERROR api  upstream refused the connection
2026-03-14 10:45:20 INFO  api  request finished in 12ms
2026-03-14 10:46:40 ERROR api  could not write to disk: no space left
2026-03-14 10:48:00 WARN  api  retrying upstream after timeout
2026-03-14 10:49:20 INFO  api  request finished in 12ms
2026-03-14 10:50:40 INFO  api  cache warmed
2026-03-14 10:52:00 ERROR api  database deadlock, rolled back
2026-03-14 10:53:20 INFO  api  worker checked in
2026-03-14 10:54:40 INFO  api  worker checked in
2026-03-14 10:56:00 INFO  api  request finished in 12ms
2026-03-14 10:57:20 INFO  api  config reloaded
2026-03-14 10:58:40 INFO  api  config reloaded
2026-03-14 11:00:00 INFO  api  worker checked in
2026-03-14 11:01:20 INFO  api  cache warmed
2026-03-14 11:02:40 INFO  api  worker checked in
2026-03-14 11:04:00 INFO  api  config reloaded
2026-03-14 11:05:20 INFO  api  request finished in 12ms
2026-03-14 11:06:40 INFO  api  worker checked in
2026-03-14 11:08:00 INFO  api  request finished in 12ms
2026-03-14 11:09:20 WARN  api  queue is 80% full
2026-03-14 11:10:40 INFO  api  worker checked in
2026-03-14 11:12:00 WARN  api  queue is 80% full
2026-03-14 11:13:20 INFO  api  worker checked in
2026-03-14 11:14:40 INFO  api  worker checked in
2026-03-14 11:16:00 INFO  api  cache warmed
2026-03-14 11:17:20 INFO  api  config reloaded
2026-03-14 11:18:40 INFO  api  cache warmed
2026-03-14 11:20:00 WARN  api  queue is 80% full
2026-03-14 11:21:20 INFO  api  request finished in 12ms
2026-03-14 11:22:40 INFO  api  worker checked in
2026-03-14 11:24:00 INFO  api  worker checked in
2026-03-14 11:25:20 INFO  api  worker checked in
2026-03-14 11:26:40 INFO  api  worker checked in
2026-03-14 11:28:00 INFO  api  request finished in 12ms
2026-03-14 11:29:20 INFO  api  request finished in 12ms
2026-03-14 11:30:40 INFO  api  config reloaded
2026-03-14 11:32:00 INFO  api  worker checked in
2026-03-14 11:33:20 INFO  api  config reloaded
2026-03-14 11:34:40 ERROR api  upstream refused the connection
2026-03-14 11:36:00 INFO  api  worker checked in
2026-03-14 11:37:20 INFO  api  request finished in 12ms
2026-03-14 11:38:40 INFO  api  cache warmed
2026-03-14 11:40:00 INFO  api  cache warmed
2026-03-14 11:41:20 INFO  api  worker checked in
2026-03-14 11:42:40 INFO  api  config reloaded
2026-03-14 11:44:00 INFO  api  config reloaded
2026-03-14 11:45:20 INFO  api  cache warmed
2026-03-14 11:46:40 INFO  api  cache warmed
2026-03-14 11:48:00 INFO  api  cache warmed
2026-03-14 11:49:20 ERROR api  database deadlock, rolled back
2026-03-14 11:50:40 INFO  api  config reloaded
2026-03-14 11:52:00 INFO  api  cache warmed
2026-03-14 11:53:20 WARN  api  retrying upstream after timeout
2026-03-14 11:54:40 INFO  api  request finished in 12ms
2026-03-14 11:56:00 INFO  api  cache warmed
2026-03-14 11:57:20 INFO  api  cache warmed
2026-03-14 11:58:40 INFO  api  request finished in 12ms
2026-03-14 12:00:00 INFO  api  cache warmed
2026-03-14 12:01:20 INFO  api  cache warmed
2026-03-14 12:02:40 ERROR api  token expired mid-request
2026-03-14 12:04:00 INFO  api  config reloaded
2026-03-14 12:05:20 INFO  api  request finished in 12ms
